
> mercado-agentes-clone@0.1.0 build
> next build

Ôû▓ Next.js 16.2.3 (Turbopack)
- Environments: .env.local

  Creating an optimized production build ...
Ô£ô Compiled successfully in 4.9s
  Running TypeScript ...
node.exe : Failed to type check.
No C:\Program 
Files\nodejs\npm.ps1:29 
caractere:3
+   & $NODE_EXE $NPM_CLI_JS 
$args
+   
~~~~~~~~~~~~~~~~~~~~~~~~~~~~~
    + CategoryInfo          : N 
   otSpecified: (Failed to typ  
  e check.:String) [], Remote   
 Exception
    + FullyQualifiedErrorId : N 
   ativeCommandError
 

./supabase/functions/mercado-pag
o-checkout/index.ts:2:30
Type error: Cannot find module '
https://esm.sh/@supabase/supabas
e-js@2' or its corresponding 
type declarations.

  [90m1 |[0m [36mimport[0m 
[32m"jsr:@supabase/functions-js/
edge-runtime.d.ts"[0m;
[31m[1m>[0m [90m2 |[0m 
[36mimport[0m { createClient 
} [36mfrom[0m [32m"https://es
m.sh/@supabase/supabase-js@2"[0
m;
  [90m  |[0m                  
            [31m[1m^[0m
  [90m3 |[0m
  [90m4 |[0m [36mconst[0m 
[33mMP_ACCESS_TOKEN[0m = [33m
Deno[0m.env.get([32m"MP_ACCESS
_TOKEN"[0m);
  [90m5 |[0m [36mconst[0m 
[33mSUPABASE_URL[0m = [33mDen
o[0m.env.get([32m"SUPABASE_URL
"[0m);
Next.js build worker exited 
with code: 1 and signal: null
