src/app/(dashboard)/agents/new/page.tsx(720,47): error TS2339: Property 'desc' does not exist on type '{ name: string; type: string; mandatory: boolean; } | { name: string; type: string; mandatory?: undefined; } | { name: string; type: string; mandatory: boolean; desc: string; }'.
  Property 'desc' does not exist on type '{ name: string; type: string; mandatory: boolean; }'.
src/app/(dashboard)/agents/new/page.tsx(720,112): error TS2339: Property 'desc' does not exist on type '{ name: string; type: string; mandatory: boolean; } | { name: string; type: string; mandatory?: undefined; } | { name: string; type: string; mandatory: boolean; desc: string; }'.
  Property 'desc' does not exist on type '{ name: string; type: string; mandatory: boolean; }'.
